error: expected a path followed by a list: `my_path(...)` or `my_path = (...)`
 --> tests/as_path_list/from_verbatim.fail.rs:3:16
  |
3 | #[as_path_list([==> ??? <==])]
  |                ^^^^^^^^^^^^^
