error: expected a valid expression
 --> tests/as_expr/from_path_value.fail.rs:3:11
  |
3 | #[as_expr(foo = bar(1, 2, 3))]
  |           ^^^^^^^^^^^^^^^^^^
