error: expected a boolean
 --> tests/codama_attribute/account_directive/invalid_optional.fail.rs:3:29
  |
3 | #[codama(account(optional = invalid))]
  |                             ^^^^^^^
