error: expected a path followed by a value: `my_path = ...`
 --> tests/as_path_value/from_expr.fail.rs:3:17
  |
3 | #[as_path_value("hello")]
  |                 ^^^^^^^
