error: expected a path
 --> tests/as_path/from_expr.fail.rs:3:11
  |
3 | #[as_path("hello")]
  |           ^^^^^^^
