error: expected a path
 --> tests/as_path/from_verbatim.fail.rs:3:11
  |
3 | #[as_path([==> ??? <==])]
  |           ^^^^^^^^^^^^^
